
Section                     Timestamp          
-------                     ---------          
1. Login/Logout                                
                            2026-04-18 08:51:21
                            2026-04-18 08:51:25
                            2026-04-18 08:51:29
                            2026-04-18 08:51:33
                            2026-04-18 08:51:37
2. User CRUD                                   
                            2026-04-18 08:51:40
                            2026-04-18 08:51:41
                            2026-04-18 08:51:41
                            2026-04-18 08:51:41
                            2026-04-18 08:51:41
3. Role Management                             
                            2026-04-18 08:51:41
                            2026-04-18 08:51:41
                            2026-04-18 08:51:41
4. Governance Change Center                    
                            2026-04-18 08:51:41
                            2026-04-18 08:51:41
                            2026-04-18 08:51:41
                            2026-04-18 08:51:41
5. Audit Center                                
                            2026-04-18 08:51:41
                            2026-04-18 08:51:41
6. Policy Management                           
                            2026-04-18 08:51:41
7. Exception Scenarios                         
                            2026-04-18 08:51:41
                            2026-04-18 08:51:41
                            2026-04-18 08:51:41
8. Permission Control                          
                            2026-04-18 08:51:41
Test End                    2026-04-18 08:51:41


